// Jest Snapshot v1, https://goo.gl/fbAQLP

exports[`FavoriteSongItem Component should render correctly (snapshot test) 1`] = `
{
  "asFragment": [Function],
  "baseElement": <body>
    <div>
      <div
        class="song-item"
      >
        <a
          href="/track/12345"
        >
          <img
            alt="Song 1"
            src="test-album-cover.jpg"
          />
        </a>
        <div
          class="song-details"
        >
          <p
            class="song-title"
          >
            Test Song Title
          </p>
          <p
            class="song-artist"
          >
            Test Artist
          </p>
        </div>
        <div
          class="song-options"
        >
          <button
            class="song-unlike-button"
          >
            ðŸ—™
          </button>
        </div>
      </div>
    </div>
    <div>
      <div
        class="song-item"
      >
        <a
          href="/track/12345"
        >
          <img
            alt="Song 1"
            src="test-album-cover.jpg"
          />
        </a>
        <div
          class="song-details"
        >
          <p
            class="song-title"
          >
            Test Song Title
          </p>
          <p
            class="song-artist"
          >
            Test Artist
          </p>
        </div>
        <div
          class="song-options"
        >
          <button
            class="song-unlike-button"
          >
            ðŸ—™
          </button>
        </div>
      </div>
    </div>
  </body>,
  "container": <div>
    <div
      class="song-item"
    >
      <a
        href="/track/12345"
      >
        <img
          alt="Song 1"
          src="test-album-cover.jpg"
        />
      </a>
      <div
        class="song-details"
      >
        <p
          class="song-title"
        >
          Test Song Title
        </p>
        <p
          class="song-artist"
        >
          Test Artist
        </p>
      </div>
      <div
        class="song-options"
      >
        <button
          class="song-unlike-button"
        >
          ðŸ—™
        </button>
      </div>
    </div>
  </div>,
  "debug": [Function],
  "findAllByAltText": [Function],
  "findAllByDisplayValue": [Function],
  "findAllByLabelText": [Function],
  "findAllByPlaceholderText": [Function],
  "findAllByRole": [Function],
  "findAllByTestId": [Function],
  "findAllByText": [Function],
  "findAllByTitle": [Function],
  "findByAltText": [Function],
  "findByDisplayValue": [Function],
  "findByLabelText": [Function],
  "findByPlaceholderText": [Function],
  "findByRole": [Function],
  "findByTestId": [Function],
  "findByText": [Function],
  "findByTitle": [Function],
  "getAllByAltText": [Function],
  "getAllByDisplayValue": [Function],
  "getAllByLabelText": [Function],
  "getAllByPlaceholderText": [Function],
  "getAllByRole": [Function],
  "getAllByTestId": [Function],
  "getAllByText": [Function],
  "getAllByTitle": [Function],
  "getByAltText": [Function],
  "getByDisplayValue": [Function],
  "getByLabelText": [Function],
  "getByPlaceholderText": [Function],
  "getByRole": [Function],
  "getByTestId": [Function],
  "getByText": [Function],
  "getByTitle": [Function],
  "queryAllByAltText": [Function],
  "queryAllByDisplayValue": [Function],
  "queryAllByLabelText": [Function],
  "queryAllByPlaceholderText": [Function],
  "queryAllByRole": [Function],
  "queryAllByTestId": [Function],
  "queryAllByText": [Function],
  "queryAllByTitle": [Function],
  "queryByAltText": [Function],
  "queryByDisplayValue": [Function],
  "queryByLabelText": [Function],
  "queryByPlaceholderText": [Function],
  "queryByRole": [Function],
  "queryByTestId": [Function],
  "queryByText": [Function],
  "queryByTitle": [Function],
  "rerender": [Function],
  "unmount": [Function],
}
`;
